// Vitest Snapshot v1, https://vitest.dev/guide/snapshot.html

exports[`shared-types enum register (02 §3) > pins every enum's exact order — a reorder or an insertion moves ordinals and must be a deliberate snapshot update (02 C-1) 1`] = `
{
  "actor_role": [
    "parent",
    "nanny",
    "admin",
    "system",
  ],
  "admin_notification_kind": [
    "call_due",
    "call_overdue",
    "commission_call_booked",
    "onboarding_call_due",
    "nanny_barred",
    "contact_message",
    "cron_failed",
    "lead_replied",
    "booking_blocked_over",
    "booking_displacement_failed",
    "payment_due",
    "usage_check_low",
  ],
  "age_bracket": [
    "0-3",
    "3-6",
    "6-12",
    "12-18",
    "18-24",
    "24-32",
  ],
  "attention_reason": [
    "blocked-over",
    "displaced",
    "manual",
  ],
  "block_kind": [
    "open",
    "blocked",
  ],
  "booking_cancel_reason": [
    "user-cancelled",
    "admin-cancelled",
    "position-closed",
    "duplicate",
    "displaced-no-slot",
    "other",
  ],
  "booking_status": [
    "held",
    "booked",
    "rescheduled",
    "cancelled",
    "done",
    "no-answer",
  ],
  "booking_subject_type": [
    "position",
    "nanny",
  ],
  "call_outcome": [
    "proceeding",
    "not-now",
    "not-proceeding",
    "no-answer",
    "cancelled",
  ],
  "call_state": [
    "awaiting-slot",
    "slot-chosen",
    "done",
  ],
  "call_type": [
    "matchmaking",
    "onboarding",
    "nanny-commission",
  ],
  "cancellation_reason": [
    "too_expensive",
    "not_using",
    "service_issue",
    "circumstances_changed",
    "other",
  ],
  "chat_role": [
    "user",
    "assistant",
    "system",
    "tool",
  ],
  "chat_trigger_source": [
    "user",
    "assistant_reply",
    "proactive_module",
    "proactive_scheduled",
    "proactive_template",
    "proactive_manual",
  ],
  "checked_by": [
    "ai",
    "admin",
    "none",
  ],
  "child_status": [
    "setup",
    "active",
    "closed",
  ],
  "close_reason": [
    "parent_closed",
    "no_candidates",
    "admin_closed",
  ],
  "connection_origin": [
    "parent_request",
    "precheck_response",
    "nanny_application",
    "admin",
  ],
  "connection_stage": [
    "REQUEST_SENT",
    "ACCEPTED",
    "INTRO_SCHEDULED",
    "INTRO_COMPLETE",
    "TRIAL_ARRANGED",
    "TRIAL_COMPLETE",
    "OFFERED",
    "CONFIRMED",
    "ACTIVE",
    "NANNY_APPLIED",
    "REQUEST_EXPIRED",
    "DECLINED",
    "REQUEST_CANCELLED",
    "SCHEDULE_EXPIRED",
    "INTRO_INCOMPLETE",
    "AWAITING_RESPONSE",
    "NOT_HIRED",
    "NOT_SELECTED",
    "FINISHED",
    "CANCELLED_BY_PARENT",
    "CANCELLED_BY_NANNY",
  ],
  "contact_category": [
    "refund",
    "billing",
    "technical",
    "general",
  ],
  "contact_direction": [
    "outbound",
    "inbound",
  ],
  "contact_message_status": [
    "unread",
    "replied",
    "closed",
    "spam",
  ],
  "contact_method": [
    "call",
    "sms",
    "email",
    "whatsapp",
    "instagram",
    "in_person",
    "manual",
    "other",
  ],
  "contact_outcome": [
    "answered",
    "voicemail",
    "no_answer",
    "replied",
    "booked",
    "not_interested",
    "bounced",
    "pending",
  ],
  "cookie_choice": [
    "accept_all",
    "reject_non_essential",
    "custom",
  ],
  "cross_check_status": [
    "not_started",
    "pending",
    "passed",
    "review",
  ],
  "dbs_outcome": [
    "unset",
    "cleared",
    "adverse",
    "barred",
  ],
  "dev_domain": [
    "CL",
    "PSE",
    "PD",
    "LIT",
    "NUM",
    "UW",
    "EAD",
  ],
  "end_reason": [
    "natural",
    "nanny_left",
    "no_longer_needed",
    "mutual",
    "child_aged_out",
    "relocation",
    "other",
  ],
  "event_actor_kind": [
    "user",
    "admin",
    "system",
    "visitor",
    "anonymous",
  ],
  "event_source": [
    "server",
    "client",
  ],
  "guarantee_paid_to": [
    "nanny",
    "family",
  ],
  "guarantee_promise": [
    "G1",
    "G2",
    "G3",
    "G4",
    "G5",
    "nanny-bonus",
  ],
  "identity_evidence_type": [
    "passport",
    "uk_driving_licence",
    "evisa_share_code",
  ],
  "invite_direction": [
    "nanny_to_parent",
    "parent_to_nanny",
  ],
  "invite_revoked_reason": [
    "manual",
    "child_deleted",
  ],
  "invite_status": [
    "pending",
    "connected",
    "revoked",
  ],
  "lead_contact_status": [
    "untouched",
    "called",
    "texted",
    "emailed",
    "voicemail_left",
    "no_response",
    "replied",
    "in_conversation",
    "booked",
    "activated",
    "dormant",
    "do_not_contact",
  ],
  "lead_rtw_status": [
    "citizen",
    "settled",
    "visa_with_rtw",
    "no_rtw",
    "unknown",
  ],
  "link_source": [
    "invite",
    "placement",
    "manual",
  ],
  "link_state": [
    "active",
    "ended",
  ],
  "meeting_outcome": [
    "hired",
    "not_hired",
    "awaiting",
    "trial",
    "incomplete",
  ],
  "memory_priority": [
    "high",
    "medium",
    "low",
  ],
  "memory_scope": [
    "account",
    "child",
    "shared",
  ],
  "message_channel": [
    "email",
    "sms",
  ],
  "message_status": [
    "queued",
    "sent",
    "failed",
    "bounced",
    "cancelled",
    "dry_run",
    "deduped",
  ],
  "mover": [
    "user",
    "admin",
    "system",
  ],
  "nanny_lead_status": [
    "applied",
    "ai_generated",
    "converted",
    "abandoned",
    "rejected",
  ],
  "payment_link_kind": [
    "deposit",
    "balance-after-week-1",
    "custom",
  ],
  "placement_source": [
    "connection",
    "invite_shell",
  ],
  "placement_state": [
    "CONFIRMED",
    "ACTIVE",
    "ENDED",
  ],
  "plan_shape": [
    "upfront",
    "instalments",
  ],
  "position_source": [
    "results_signup",
    "in_app",
    "admin",
    "invite",
    "agent",
  ],
  "position_stage": [
    "DRAFT",
    "OPEN",
    "CONNECTING",
    "ACTIVE",
    "ENDED",
    "CLOSED",
  ],
  "post_context": [
    "adhoc",
    "activity",
    "assessment",
  ],
  "post_source": [
    "manual",
    "katie",
    "system",
  ],
  "post_status": [
    "pending",
    "ready",
    "completed",
  ],
  "post_type": [
    "observation",
    "activity",
    "report",
    "progress",
    "diary",
    "insight",
    "custom",
  ],
  "precheck_status": [
    "notified",
    "pending_wave",
    "viewed",
    "interested",
    "declined",
    "expired",
  ],
  "prompt_edit_status": [
    "applied",
    "rolled_back",
  ],
  "proposal_kind": [
    "module_change",
    "schema_change",
    "prompt_change",
    "other",
  ],
  "proposal_status": [
    "open",
    "accepted",
    "rejected",
    "implemented",
  ],
  "purchase_path": [
    "payment_link",
    "self_serve",
  ],
  "refund_reason": [
    "cooling_off",
    "service_issue",
    "goodwill",
    "duplicate_charge",
    "other",
    "guarantee",
  ],
  "refund_status": [
    "open",
    "refunded",
    "denied",
  ],
  "rtw_evidence_type": [
    "british_irish_passport",
    "share_code",
    "immigration_document",
  ],
  "schedule_created_by": [
    "module",
    "katie",
    "admin",
  ],
  "schedule_mode": [
    "template",
    "ai-minimal",
    "ai-full",
  ],
  "schedule_type": [
    "fixed",
    "flexible",
  ],
  "section_status": [
    "not_started",
    "pending",
    "processing",
    "verified",
    "review",
    "rejected",
    "failed",
    "expired",
  ],
  "signup_source": [
    "results",
    "cold",
    "invite",
    "admin",
  ],
  "subscribe_invite_status": [
    "pending",
    "redeemed",
    "expired",
    "revoked",
  ],
  "subscription_status": [
    "trial",
    "active",
    "past_due",
    "cancelled",
    "paid_in_full",
    "lapsed",
    "placed",
  ],
  "summary_period": [
    "daily",
    "weekly",
    "monthly",
  ],
  "update_service_result": [
    "not_subscribed",
    "no_change",
    "new_information",
    "check_failed",
  ],
  "user_role": [
    "parent",
    "nanny",
    "admin",
  ],
  "verification_level": [
    "L0_SIGNED_UP",
    "L1_REGISTERED",
    "L2_ID_VERIFIED",
    "L3_PROVISIONALLY_VERIFIED",
    "L4_FULLY_VERIFIED",
  ],
  "verification_section": [
    "identity",
    "dbs",
    "right_to_work",
    "contact",
    "cross_check",
    "overall",
  ],
  "vetting_submission_status": [
    "pending",
    "processing",
    "needs_admin",
    "passed",
    "failed",
  ],
}
`;
